﻿[36mvite v8.0.1 [32mbuilding client environment for production...[36m[39m
[2K
node.exe : 
(node:27656) Warning: 
Failed to load the ES 
module: C:\Users\sanus\
Downloads\Web\postcss.c
onfig.js. Make sure to 
set "type": "module" 
in the nearest 
package.json file or 
use the .mjs extension.
At line:1 char:1
+ & "C:\Program 
Files\nodejs/node.exe" 
"C:\Program 
Files\nodejs/node_mo 
...
+ ~~~~~~~~~~~~~~~~~~~~~
~~~~~~~~~~~~~~~~~~~~~~~
~~~~~~~~~~~~~~~~~~~~~~~
~~
    + CategoryInfo     
         : NotSpecifi  
  ed: ((node:27656)    
 Wa....mjs extensio    
n.:String) [], Rem    
oteException
    + FullyQualifiedEr 
   rorId : NativeComm  
  andError
 
(Use `node 
--trace-warnings ...` 
to show where the 
warning was created)
transforming...Γ£ô 2134 modules transformed.
[31mΓ£ù[39m Build 
failed in 380ms
[31merror during 
build:
[31mBuild failed with 
1 error:

[plugin vite:css] C:/Us
ers/sanus/Downloads/Web
/src/index.css
Failed to load PostCSS 
config: Failed to load 
PostCSS config 
(searchPath: C:/Users/s
anus/Downloads/Web): 
[SyntaxError] 
Unexpected token 
'export'
C:\Users\sanus\Download
s\Web\postcss.config.js
:1
export default {
^^^^^^

SyntaxError: 
Unexpected token 
'export'
    at wrapSafe (node:i
nternal/modules/cjs/loa
der:1692:18)
    at Module._compile 
(node:internal/modules/
cjs/loader:1735:20)
    at Object..js (node
:internal/modules/cjs/l
oader:1893:10)
    at Module.load (nod
e:internal/modules/cjs/
loader:1481:32)
    at Module._load (no
de:internal/modules/cjs
/loader:1300:12)
    at TracingChannel.t
raceSync (node:diagnost
ics_channel:328:14)
    at wrapModuleLoad (
node:internal/modules/c
js/loader:245:24)
    at loadCJSModuleWit
hModuleLoad (node:inter
nal/modules/esm/transla
tors:339:3)
    at 
ModuleWrap.<anonymous> 
(node:internal/modules/
esm/translators:242:7)
    at ModuleJob.run (n
ode:internal/modules/es
m/module_job:413:25)[3
1m
    at aggregateBinding
ErrorsIntoJsError (file
:///C:/Users/sanus/Down
loads/Web/node_modules/
rolldown/dist/shared/er
ror-BO4SlZV_.mjs:48:18)
    at 
unwrapBindingResult (fi
le:///C:/Users/sanus/Do
wnloads/Web/node_module
s/rolldown/dist/shared/
error-BO4SlZV_.mjs:18:1
28)
    at #build (file:///
C:/Users/sanus/Download
s/Web/node_modules/roll
down/dist/shared/rolldo
wn-build-yQC7KN8K.mjs:3
311:34)
    at async 
buildEnvironment (file:
///C:/Users/sanus/Downl
oads/Web/node_modules/v
ite/dist/node/chunks/no
de.js:32817:64)
    at async 
Object.build (file:///C
:/Users/sanus/Downloads
/Web/node_modules/vite/
dist/node/chunks/node.j
s:33239:19)
    at async 
Object.buildApp (file:/
//C:/Users/sanus/Downlo
ads/Web/node_modules/vi
te/dist/node/chunks/nod
e.js:33236:153)
    at async 
CAC.<anonymous> (file:/
//C:/Users/sanus/Downlo
ads/Web/node_modules/vi
te/dist/node/cli.js:778
:3) {
  errors: 
[Getter/Setter]
}[39m
